Archive member included to satisfy reference by file (symbol)

C:/ST/STM32CubeIDE_1.16.0/STM32CubeIDE/plugins/com.st.stm32cube.ide.mcu.externaltools.gnu-tools-for-stm32.12.3.rel1.win32_1.0.200.202406191623/tools/bin/../lib/gcc/arm-none-eabi/12.3.1/../../../../arm-none-eabi/lib/thumb/v7e-m+fp/hard\libc_nano.a(libc_a-exit.o)
                              C:/ST/STM32CubeIDE_1.16.0/STM32CubeIDE/plugins/com.st.stm32cube.ide.mcu.externaltools.gnu-tools-for-stm32.12.3.rel1.win32_1.0.200.202406191623/tools/bin/../lib/gcc/arm-none-eabi/12.3.1/../../../../arm-none-eabi/lib/thumb/v7e-m+fp/hard/crt0.o (exit)
C:/ST/STM32CubeIDE_1.16.0/STM32CubeIDE/plugins/com.st.stm32cube.ide.mcu.externaltools.gnu-tools-for-stm32.12.3.rel1.win32_1.0.200.202406191623/tools/bin/../lib/gcc/arm-none-eabi/12.3.1/../../../../arm-none-eabi/lib/thumb/v7e-m+fp/hard\libc_nano.a(libc_a-findfp.o)
                              C:/ST/STM32CubeIDE_1.16.0/STM32CubeIDE/plugins/com.st.stm32cube.ide.mcu.externaltools.gnu-tools-for-stm32.12.3.rel1.win32_1.0.200.202406191623/tools/bin/../lib/gcc/arm-none-eabi/12.3.1/../../../../arm-none-eabi/lib/thumb/v7e-m+fp/hard\libc_nano.a(libc_a-exit.o) (__stdio_exit_handler)
C:/ST/STM32CubeIDE_1.16.0/STM32CubeIDE/plugins/com.st.stm32cube.ide.mcu.externaltools.gnu-tools-for-stm32.12.3.rel1.win32_1.0.200.202406191623/tools/bin/../lib/gcc/arm-none-eabi/12.3.1/../../../../arm-none-eabi/lib/thumb/v7e-m+fp/hard\libc_nano.a(libc_a-fwalk.o)
                              C:/ST/STM32CubeIDE_1.16.0/STM32CubeIDE/plugins/com.st.stm32cube.ide.mcu.externaltools.gnu-tools-for-stm32.12.3.rel1.win32_1.0.200.202406191623/tools/bin/../lib/gcc/arm-none-eabi/12.3.1/../../../../arm-none-eabi/lib/thumb/v7e-m+fp/hard\libc_nano.a(libc_a-findfp.o) (_fwalk_sglue)
C:/ST/STM32CubeIDE_1.16.0/STM32CubeIDE/plugins/com.st.stm32cube.ide.mcu.externaltools.gnu-tools-for-stm32.12.3.rel1.win32_1.0.200.202406191623/tools/bin/../lib/gcc/arm-none-eabi/12.3.1/../../../../arm-none-eabi/lib/thumb/v7e-m+fp/hard\libc_nano.a(libc_a-stdio.o)
                              C:/ST/STM32CubeIDE_1.16.0/STM32CubeIDE/plugins/com.st.stm32cube.ide.mcu.externaltools.gnu-tools-for-stm32.12.3.rel1.win32_1.0.200.202406191623/tools/bin/../lib/gcc/arm-none-eabi/12.3.1/../../../../arm-none-eabi/lib/thumb/v7e-m+fp/hard\libc_nano.a(libc_a-findfp.o) (__sread)
C:/ST/STM32CubeIDE_1.16.0/STM32CubeIDE/plugins/com.st.stm32cube.ide.mcu.externaltools.gnu-tools-for-stm32.12.3.rel1.win32_1.0.200.202406191623/tools/bin/../lib/gcc/arm-none-eabi/12.3.1/../../../../arm-none-eabi/lib/thumb/v7e-m+fp/hard\libc_nano.a(libc_a-memset.o)
                              C:/ST/STM32CubeIDE_1.16.0/STM32CubeIDE/plugins/com.st.stm32cube.ide.mcu.externaltools.gnu-tools-for-stm32.12.3.rel1.win32_1.0.200.202406191623/tools/bin/../lib/gcc/arm-none-eabi/12.3.1/../../../../arm-none-eabi/lib/thumb/v7e-m+fp/hard/crt0.o (memset)
C:/ST/STM32CubeIDE_1.16.0/STM32CubeIDE/plugins/com.st.stm32cube.ide.mcu.externaltools.gnu-tools-for-stm32.12.3.rel1.win32_1.0.200.202406191623/tools/bin/../lib/gcc/arm-none-eabi/12.3.1/../../../../arm-none-eabi/lib/thumb/v7e-m+fp/hard\libc_nano.a(libc_a-closer.o)
                              C:/ST/STM32CubeIDE_1.16.0/STM32CubeIDE/plugins/com.st.stm32cube.ide.mcu.externaltools.gnu-tools-for-stm32.12.3.rel1.win32_1.0.200.202406191623/tools/bin/../lib/gcc/arm-none-eabi/12.3.1/../../../../arm-none-eabi/lib/thumb/v7e-m+fp/hard\libc_nano.a(libc_a-stdio.o) (_close_r)
C:/ST/STM32CubeIDE_1.16.0/STM32CubeIDE/plugins/com.st.stm32cube.ide.mcu.externaltools.gnu-tools-for-stm32.12.3.rel1.win32_1.0.200.202406191623/tools/bin/../lib/gcc/arm-none-eabi/12.3.1/../../../../arm-none-eabi/lib/thumb/v7e-m+fp/hard\libc_nano.a(libc_a-reent.o)
                              C:/ST/STM32CubeIDE_1.16.0/STM32CubeIDE/plugins/com.st.stm32cube.ide.mcu.externaltools.gnu-tools-for-stm32.12.3.rel1.win32_1.0.200.202406191623/tools/bin/../lib/gcc/arm-none-eabi/12.3.1/../../../../arm-none-eabi/lib/thumb/v7e-m+fp/hard\libc_nano.a(libc_a-closer.o) (errno)
C:/ST/STM32CubeIDE_1.16.0/STM32CubeIDE/plugins/com.st.stm32cube.ide.mcu.externaltools.gnu-tools-for-stm32.12.3.rel1.win32_1.0.200.202406191623/tools/bin/../lib/gcc/arm-none-eabi/12.3.1/../../../../arm-none-eabi/lib/thumb/v7e-m+fp/hard\libc_nano.a(libc_a-impure.o)
                              C:/ST/STM32CubeIDE_1.16.0/STM32CubeIDE/plugins/com.st.stm32cube.ide.mcu.externaltools.gnu-tools-for-stm32.12.3.rel1.win32_1.0.200.202406191623/tools/bin/../lib/gcc/arm-none-eabi/12.3.1/../../../../arm-none-eabi/lib/thumb/v7e-m+fp/hard\libc_nano.a(libc_a-reent.o) (_impure_ptr)
C:/ST/STM32CubeIDE_1.16.0/STM32CubeIDE/plugins/com.st.stm32cube.ide.mcu.externaltools.gnu-tools-for-stm32.12.3.rel1.win32_1.0.200.202406191623/tools/bin/../lib/gcc/arm-none-eabi/12.3.1/../../../../arm-none-eabi/lib/thumb/v7e-m+fp/hard\libc_nano.a(libc_a-lseekr.o)
[...]
Memory Configuration

Name             Origin             Length             Attributes
RAM              0x20000000         0x00018000         xrw
RAM2             0x10000000         0x00008000         xrw
FLASH            0x08000000         0x00100000         xr
*default*        0x00000000         0xffffffff

Linker script and memory map

LOAD C:/ST/STM32CubeIDE_1.16.0/STM32CubeIDE/plugins/com.st.stm32cube.ide.mcu.externaltools.gnu-tools-for-stm32.12.3.rel1.win32_1.0.200.202406191623/tools/bin/../lib/gcc/arm-none-eabi/12.3.1/thumb/v7e-m+fp/hard/crti.o
LOAD C:/ST/STM32CubeIDE_1.16.0/STM32CubeIDE/plugins/com.st.stm32cube.ide.mcu.externaltools.gnu-tools-for-stm32.12.3.rel1.win32_1.0.200.202406191623/tools/bin/../lib/gcc/arm-none-eabi/12.3.1/thumb/v7e-m+fp/hard/crtbegin.o
LOAD C:/ST/STM32CubeIDE_1.16.0/STM32CubeIDE/plugins/com.st.stm32cube.ide.mcu.externaltools.gnu-tools-for-stm32.12.3.rel1.win32_1.0.200.202406191623/tools/bin/../lib/gcc/arm-none-eabi/12.3.1/../../../../arm-none-eabi/lib/thumb/v7e-m+fp/hard/crt0.o
LOAD ./Core/Fonts/font12.o
LOAD ./Core/Fonts/font12CN.o
LOAD ./Core/Fonts/font16.o
LOAD ./Core/Fonts/font20.o
LOAD ./Core/Fonts/font24.o
LOAD ./Core/Fonts/font24CN.o
LOAD ./Core/Fonts/font8.o
LOAD ./Core/Src/GUI_Paint.o
LOAD ./Core/Src/IL3895.o
LOAD ./Core/Src/barcodeImage.o
LOAD ./Core/Src/demo_2_13ich.o
LOAD ./Core/Src/gpio.o
LOAD ./Core/Src/logo250x48.o
LOAD ./Core/Src/logo250x48_H.o
LOAD ./Core/Src/logo375x72.o
LOAD ./Core/Src/main.o
LOAD ./Core/Src/number303.o
LOAD ./Core/Src/pwr_logo.o
LOAD ./Core/Src/spi.o
LOAD ./Core/Src/stm32l4xx_hal_msp.o
LOAD ./Core/Src/stm32l4xx_it.o
LOAD ./Core/Src/syscalls.o
LOAD ./Core/Src/sysmem.o
LOAD ./Core/Src/system_stm32l4xx.o
LOAD ./Core/Src/usart.o
LOAD ./Core/Startup/startup_stm32l476rgtx.o
LOAD ./Drivers/STM32L4xx_HAL_Driver/Src/stm32l4xx_hal.o
LOAD ./Drivers/STM32L4xx_HAL_Driver/Src/stm32l4xx_hal_cortex.o
LOAD ./Drivers/STM32L4xx_HAL_Driver/Src/stm32l4xx_hal_dma.o
LOAD ./Drivers/STM32L4xx_HAL_Driver/Src/stm32l4xx_hal_dma_ex.o
LOAD ./Drivers/STM32L4xx_HAL_Driver/Src/stm32l4xx_hal_exti.o
LOAD ./Drivers/STM32L4xx_HAL_Driver/Src/stm32l4xx_hal_flash.o
LOAD ./Drivers/STM32L4xx_HAL_Driver/Src/stm32l4xx_hal_flash_ex.o
LOAD ./Drivers/STM32L4xx_HAL_Driver/Src/stm32l4xx_hal_flash_ramfunc.o
LOAD ./Drivers/STM32L4xx_HAL_Driver/Src/stm32l4xx_hal_gpio.o
LOAD ./Drivers/STM32L4xx_HAL_Driver/Src/stm32l4xx_hal_i2c.o
LOAD ./Drivers/STM32L4xx_HAL_Driver/Src/stm32l4xx_hal_i2c_ex.o
LOAD ./Drivers/STM32L4xx_HAL_Driver/Src/stm32l4xx_hal_pwr.o
LOAD ./Drivers/STM32L4xx_HAL_Driver/Src/stm32l4xx_hal_pwr_ex.o
LOAD ./Drivers/STM32L4xx_HAL_Driver/Src/stm32l4xx_hal_rcc.o
LOAD ./Drivers/STM32L4xx_HAL_Driver/Src/stm32l4xx_hal_rcc_ex.o
LOAD ./Drivers/STM32L4xx_HAL_Driver/Src/stm32l4xx_hal_spi.o
LOAD ./Drivers/STM32L4xx_HAL_Driver/Src/stm32l4xx_hal_spi_ex.o
LOAD ./Drivers/STM32L4xx_HAL_Driver/Src/stm32l4xx_hal_tim.o
LOAD ./Drivers/STM32L4xx_HAL_Driver/Src/stm32l4xx_hal_tim_ex.o
LOAD ./Drivers/STM32L4xx_HAL_Driver/Src/stm32l4xx_hal_uart.o
LOAD ./Drivers/STM32L4xx_HAL_Driver/Src/stm32l4xx_hal_uart_ex.o
START GROUP
LOAD C:/ST/STM32CubeIDE_1.16.0/STM32CubeIDE/plugins/com.st.stm32cube.ide.mcu.externaltools.gnu-tools-for-stm32.12.3.rel1.win32_1.0.200.202406191623/tools/bin/../lib/gcc/arm-none-eabi/12.3.1/../../../../arm-none-eabi/lib/thumb/v7e-m+fp/hard\libc_nano.a
LOAD C:/ST/STM32CubeIDE_1.16.0/STM32CubeIDE/plugins/com.st.stm32cube.ide.mcu.externaltools.gnu-tools-for-stm32.12.3.rel1.win32_1.0.200.202406191623/tools/bin/../lib/gcc/arm-none-eabi/12.3.1/../../../../arm-none-eabi/lib/thumb/v7e-m+fp/hard\libm.a
END GROUP
START GROUP
LOAD C:/ST/STM32CubeIDE_1.16.0/STM32CubeIDE/plugins/com.st.stm32cube.ide.mcu.externaltools.gnu-tools-for-stm32.12.3.rel1.win32_1.0.200.202406191623/tools/bin/../lib/gcc/arm-none-eabi/12.3.1/thumb/v7e-m+fp/hard\libgcc.a
LOAD C:/ST/STM32CubeIDE_1.16.0/STM32CubeIDE/plugins/com.st.stm32cube.ide.mcu.externaltools.gnu-tools-for-stm32.12.3.rel1.win32_1.0.200.202406191623/tools/bin/../lib/gcc/arm-none-eabi/12.3.1/../../../../arm-none-eabi/lib/thumb/v7e-m+fp/hard\libc_nano.a
END GROUP
START GROUP
LOAD C:/ST/STM32CubeIDE_1.16.0/STM32CubeIDE/plugins/com.st.stm32cube.ide.mcu.externaltools.gnu-tools-for-stm32.12.3.rel1.win32_1.0.200.202406191623/tools/bin/../lib/gcc/arm-none-eabi/12.3.1/thumb/v7e-m+fp/hard\libgcc.a
LOAD C:/ST/STM32CubeIDE_1.16.0/STM32CubeIDE/plugins/com.st.stm32cube.ide.mcu.externaltools.gnu-tools-for-stm32.12.3.rel1.win32_1.0.200.202406191623/tools/bin/../lib/gcc/arm-none-eabi/12.3.1/../../../../arm-none-eabi/lib/thumb/v7e-m+fp/hard\libc_nano.a
LOAD C:/ST/STM32CubeIDE_1.16.0/STM32CubeIDE/plugins/com.st.stm32cube.ide.mcu.externaltools.gnu-tools-for-stm32.12.3.rel1.win32_1.0.200.202406191623/tools/bin/../lib/gcc/arm-none-eabi/12.3.1/../../../../arm-none-eabi/lib/thumb/v7e-m+fp/hard\libnosys.a
END GROUP
START GROUP
LOAD C:/ST/STM32CubeIDE_1.16.0/STM32CubeIDE/plugins/com.st.stm32cube.ide.mcu.externaltools.gnu-tools-for-stm32.12.3.rel1.win32_1.0.200.202406191623/tools/bin/../lib/gcc/arm-none-eabi/12.3.1/thumb/v7e-m+fp/hard\libgcc.a
LOAD C:/ST/STM32CubeIDE_1.16.0/STM32CubeIDE/plugins/com.st.stm32cube.ide.mcu.externaltools.gnu-tools-for-stm32.12.3.rel1.win32_1.0.200.202406191623/tools/bin/../lib/gcc/arm-none-eabi/12.3.1/../../../../arm-none-eabi/lib/thumb/v7e-m+fp/hard\libc_nano.a
LOAD C:/ST/STM32CubeIDE_1.16.0/STM32CubeIDE/plugins/com.st.stm32cube.ide.mcu.externaltools.gnu-tools-for-stm32.12.3.rel1.win32_1.0.200.202406191623/tools/bin/../lib/gcc/arm-none-eabi/12.3.1/../../../../arm-none-eabi/lib/thumb/v7e-m+fp/hard\libnosys.a
END GROUP
LOAD C:/ST/STM32CubeIDE_1.16.0/STM32CubeIDE/plugins/com.st.stm32cube.ide.mcu.externaltools.gnu-tools-for-stm32.12.3.rel1.win32_1.0.200.202406191623/tools/bin/../lib/gcc/arm-none-eabi/12.3.1/thumb/v7e-m+fp/hard/crtend.o
LOAD C:/ST/STM32CubeIDE_1.16.0/STM32CubeIDE/plugins/com.st.stm32cube.ide.mcu.externaltools.gnu-tools-for-stm32.12.3.rel1.win32_1.0.200.202406191623/tools/bin/../lib/gcc/arm-none-eabi/12.3.1/thumb/v7e-m+fp/hard/crtn.o
                0x20018000                        _estack = (ORIGIN (RAM) + LENGTH (RAM))
                0x00000200                        _Min_Heap_Size = 0x200
                0x00000400                        _Min_Stack_Size = 0x400

.isr_vector     0x08000000      0x188
                0x08000000                        . = ALIGN (0x4)
 *(.isr_vector)
 .isr_vector    0x08000000      0x188 ./Core/Startup/startup_stm32l476rgtx.o
                0x08000000                g_pfnVectors
                0x08000188                        . = ALIGN (0x4)

.text           0x08000188     0x4120
                0x08000188                        . = ALIGN (0x4)
 *(.text)
 .text          0x08000188       0x40 C:/ST/STM32CubeIDE_1.16.0/STM32CubeIDE/plugins/com.st.stm32cube.ide.mcu.externaltools.gnu-tools-for-stm32.12.3.rel1.win32_1.0.200.202406191623/tools/bin/../lib/gcc/arm-none-eabi/12.3.1/thumb/v7e-m+fp/hard/crtbegin.o
 .text          0x080001c8       0x30 C:/ST/STM32CubeIDE_1.16.0/STM32CubeIDE/plugins/com.st.stm32cube.ide.mcu.externaltools.gnu-tools-for-stm32.12.3.rel1.win32_1.0.200.202406191623/tools/bin/../lib/gcc/arm-none-eabi/12.3.1/thumb/v7e-m+fp/hard\libgcc.a(_aeabi_uldivmod.o)
                0x080001c8                __aeabi_uldivmod
 .text          0x080001f8      0x2bc C:/ST/STM32CubeIDE_1.16.0/STM32CubeIDE/plugins/com.st.stm32cube.ide.mcu.externaltools.gnu-tools-for-stm32.12.3.rel1.win32_1.0.200.202406191623/tools/bin/../lib/gcc/arm-none-eabi/12.3.1/thumb/v7e-m+fp/hard\libgcc.a(_udivmoddi4.o)
                0x080001f8                __udivmoddi4
 .text          0x080004b4        0x4 C:/ST/STM32CubeIDE_1.16.0/STM32CubeIDE/plugins/com.st.stm32cube.ide.mcu.externaltools.gnu-tools-for-stm32.12.3.rel1.win32_1.0.200.202406191623/tools/bin/../lib/gcc/arm-none-eabi/12.3.1/thumb/v7e-m+fp/hard\libgcc.a(_dvmd_tls.o)
                0x080004b4                __aeabi_idiv0
                0x080004b4                __aeabi_ldiv0
 *(.text*)
 .text.Paint_NewImage
                0x080004b8       0xb0 ./Core/Src/GUI_Paint.o
                0x080004b8                Paint_NewImage
 .text.Paint_SelectImage
                0x08000568       0x20 ./Core/Src/GUI_Paint.o
                0x08000568                Paint_SelectImage
 .text.Paint_SetPixel
                0x08000588      0x2c4 ./Core/Src/GUI_Paint.o
                0x08000588                Paint_SetPixel
 .text.Paint_DrawChar
                0x0800084c      0x14c ./Core/Src/GUI_Paint.o
                0x0800084c                Paint_DrawChar
 .text.Paint_DrawString_EN
                0x08000998       0xa4 ./Core/Src/GUI_Paint.o
                0x08000998                Paint_DrawString_EN
 .text.RESET_HIG
                0x08000a3c       0x18 ./Core/Src/IL3895.o
 .text.RESET_LOW
                0x08000a54       0x18 ./Core/Src/IL3895.o
 .text.CS_HIG   0x08000a6c       0x18 ./Core/Src/IL3895.o
 .text.CS_LOW   0x08000a84       0x18 ./Core/Src/IL3895.o
 .text.DC_HIG   0x08000a9c       0x18 ./Core/Src/IL3895.o
 .text.DC_LOW   0x08000ab4       0x18 ./Core/Src/IL3895.o
 .text.BUSY_READ
                0x08000acc       0x16 ./Core/Src/IL3895.o
 .text.Delay_ms
                0x08000ae2       0x1a ./Core/Src/IL3895.o
 .text.SPI_WriteByte
                0x08000afc       0x24 ./Core/Src/IL3895.o
 .text.EPD_Reset
                0x08000b20       0x26 ./Core/Src/IL3895.o
 .text.EPD_SendCommand
                0x08000b46       0x26 ./Core/Src/IL3895.o
 .text.EPD_SendData
                0x08000b6c       0x26 ./Core/Src/IL3895.o
 .text.EPD_ReadBusy
                0x08000b92       0x22 ./Core/Src/IL3895.o
 .text.EPD_SetWindows
                0x08000bb4       0x7e ./Core/Src/IL3895.o
 .text.EPD_SetCursor
                0x08000c32       0x44 ./Core/Src/IL3895.o
 .text.EPD_TurnOnDisplay
                0x08000c76       0x2a ./Core/Src/IL3895.o
 .text.EPD_Init
                0x08000ca0       0xa2 ./Core/Src/IL3895.o
                0x08000ca0                EPD_Init
 .text.EPD_Display
                0x08000d42       0xde ./Core/Src/IL3895.o
                0x08000d42                EPD_Display
 .text.EPD_Sleep
                0x08000e20       0x1a ./Core/Src/IL3895.o
                0x08000e20                EPD_Sleep
 *fill*         0x08000e3a        0x2 
 .text.demo_V33
                0x08000e3c       0xe4 ./Core/Src/demo_2_13ich.o
                0x08000e3c                demo_V33
 .text.MX_GPIO_Init
                0x08000f20       0xc0 ./Core/Src/gpio.o
                0x08000f20                MX_GPIO_Init
 .text.main     0x08000fe0       0x32 ./Core/Src/main.o
                0x08000fe0                main
 .text.SystemClock_Config
                0x08001012       0xa2 ./Core/Src/main.o
                0x08001012                SystemClock_Config
 .text.Error_Handler
                0x080010b4        0xc ./Core/Src/main.o
                0x080010b4                Error_Handler
 .text.MX_SPI1_Init
                0x080010c0       0x7c ./Core/Src/spi.o
                0x080010c0                MX_SPI1_Init
 .text.HAL_SPI_MspInit
                0x0800113c       0x84 ./Core/Src/spi.o
                0x0800113c                HAL_SPI_MspInit
 .text.HAL_MspInit
                0x080011c0       0x48 ./Core/Src/stm32l4xx_hal_msp.o
                0x080011c0                HAL_MspInit
 .text.NMI_Handler
                0x08001208        0x8 ./Core/Src/stm32l4xx_it.o
                0x08001208                NMI_Handler
 .text.HardFault_Handler
                0x08001210        0x8 ./Core/Src/stm32l4xx_it.o
                0x08001210                HardFault_Handler
 .text.MemManage_Handler
                0x08001218        0x8 ./Core/Src/stm32l4xx_it.o
                0x08001218                MemManage_Handler
 .text.BusFault_Handler
                0x08001220        0x8 ./Core/Src/stm32l4xx_it.o
                0x08001220                BusFault_Handler
 .text.UsageFault_Handler
                0x08001228        0x8 ./Core/Src/stm32l4xx_it.o
                0x08001228                UsageFault_Handler
 .text.SVC_Handler
                0x08001230        0xe ./Core/Src/stm32l4xx_it.o
                0x08001230                SVC_Handler
 .text.DebugMon_Handler
                0x0800123e        0xe ./Core/Src/stm32l4xx_it.o
                0x0800123e                DebugMon_Handler
 .text.PendSV_Handler
                0x0800124c        0xe ./Core/Src/stm32l4xx_it.o
                0x0800124c                PendSV_Handler
 .text.SysTick_Handler
                0x0800125a        0xc ./Core/Src/stm32l4xx_it.o
                0x0800125a                SysTick_Handler
 *fill*         0x08001266        0x2 
 .text.SystemInit
                0x08001268       0x24 ./Core/Src/system_stm32l4xx.o
                0x08001268                SystemInit
 .text.MX_USART2_UART_Init
                0x0800128c       0x60 ./Core/Src/usart.o
                0x0800128c                MX_USART2_UART_Init
 .text.HAL_UART_MspInit
                0x080012ec       0xb8 ./Core/Src/usart.o
                0x080012ec                HAL_UART_MspInit
 .text.Reset_Handler
                0x080013a4       0x50 ./Core/Startup/startup_stm32l476rgtx.o
                0x080013a4                Reset_Handler
 .text.Default_Handler
                0x080013f4        0x2 ./Core/Startup/startup_stm32l476rgtx.o
                0x080013f4                RTC_Alarm_IRQHandler
                0x080013f4                EXTI2_IRQHandler
                0x080013f4                TIM8_TRG_COM_IRQHandler
                0x080013f4                TIM8_CC_IRQHandler
                0x080013f4                TIM1_CC_IRQHandler
                0x080013f4                TSC_IRQHandler
                0x080013f4                TAMP_STAMP_IRQHandler
                0x080013f4                EXTI3_IRQHandler
                0x080013f4                LPTIM2_IRQHandler
                0x080013f4                DFSDM1_FLT1_IRQHandler
                0x080013f4                I2C3_ER_IRQHandler
                0x080013f4                DFSDM1_FLT2_IRQHandler
                0x080013f4                EXTI0_IRQHandler
                0x080013f4                I2C2_EV_IRQHandler
                0x080013f4                CAN1_RX0_IRQHandler
                0x080013f4                FPU_IRQHandler
                0x080013f4                TIM1_UP_TIM16_IRQHandler
                0x080013f4                ADC1_2_IRQHandler
                0x080013f4                SPI1_IRQHandler
                0x080013f4                TIM6_DAC_IRQHandler
                0x080013f4                TIM8_UP_IRQHandler
                0x080013f4                DMA2_Channel2_IRQHandler
                0x080013f4                DMA1_Channel4_IRQHandler
                0x080013f4                SAI2_IRQHandler
                0x080013f4                DFSDM1_FLT3_IRQHandler
                0x080013f4                USART3_IRQHandler
                0x080013f4                DMA1_Channel7_IRQHandler
                0x080013f4                CAN1_RX1_IRQHandler
                0x080013f4                LCD_IRQHandler
                0x080013f4                UART5_IRQHandler
                0x080013f4                ADC3_IRQHandler
                0x080013f4                TIM4_IRQHandler
                0x080013f4                DMA2_Channel1_IRQHandler
                0x080013f4                QUADSPI_IRQHandler
                0x080013f4                I2C1_EV_IRQHandler
                0x080013f4                DMA1_Channel6_IRQHandler
                0x080013f4                UART4_IRQHandler
                0x080013f4                DMA2_Channel4_IRQHandler
                0x080013f4                TIM3_IRQHandler
                0x080013f4                RCC_IRQHandler
                0x080013f4                DMA1_Channel1_IRQHandler
                0x080013f4                Default_Handler
                0x080013f4                DMA2_Channel7_IRQHandler
                0x080013f4                EXTI15_10_IRQHandler
                0x080013f4                TIM7_IRQHandler
                0x080013f4                SDMMC1_IRQHandler
                0x080013f4                TIM5_IRQHandler
                0x080013f4                I2C3_EV_IRQHandler
                0x080013f4                EXTI9_5_IRQHandler
                0x080013f4                RTC_WKUP_IRQHandler
                0x080013f4                PVD_PVM_IRQHandler
                0x080013f4                SPI2_IRQHandler
                0x080013f4                CAN1_TX_IRQHandler
                0x080013f4                DMA2_Channel5_IRQHandler
                0x080013f4                DMA1_Channel5_IRQHandler
                0x080013f4                EXTI4_IRQHandler
                0x080013f4                RNG_IRQHandler
                0x080013f4                TIM1_TRG_COM_TIM17_IRQHandler
                0x080013f4                DMA1_Channel3_IRQHandler
                0x080013f4                COMP_IRQHandler
                0x080013f4                WWDG_IRQHandler
                0x080013f4                LPUART1_IRQHandler
                0x080013f4                DMA2_Channel6_IRQHandler
                0x080013f4                TIM2_IRQHandler
                0x080013f4                EXTI1_IRQHandler
                0x080013f4                USART2_IRQHandler
                0x080013f4                DFSDM1_FLT0_IRQHandler
                0x080013f4                I2C2_ER_IRQHandler
                0x080013f4                DMA1_Channel2_IRQHandler
                0x080013f4                TIM8_BRK_IRQHandler
                0x080013f4                CAN1_SCE_IRQHandler
                0x080013f4                FLASH_IRQHandler
                0x080013f4                USART1_IRQHandler
                0x080013f4                OTG_FS_IRQHandler
                0x080013f4                SPI3_IRQHandler
                0x080013f4                I2C1_ER_IRQHandler
                0x080013f4                FMC_IRQHandler
                0x080013f4                SWPMI1_IRQHandler
                0x080013f4                LPTIM1_IRQHandler
                0x080013f4                SAI1_IRQHandler
                0x080013f4                DMA2_Channel3_IRQHandler
                0x080013f4                TIM1_BRK_TIM15_IRQHandler
 *fill*         0x080013f6        0x2 
 .text.HAL_Init
                0x080013f8       0x40 ./Drivers/STM32L4xx_HAL_Driver/Src/stm32l4xx_hal.o
                0x080013f8                HAL_Init
 .text.HAL_InitTick
                0x08001438       0x78 ./Drivers/STM32L4xx_HAL_Driver/Src/stm32l4xx_hal.o
                0x08001438                HAL_InitTick
 .text.HAL_IncTick
                0x080014b0       0x28 ./Drivers/STM32L4xx_HAL_Driver/Src/stm32l4xx_hal.o
                0x080014b0                HAL_IncTick
 .text.HAL_GetTick
                0x080014d8       0x18 ./Drivers/STM32L4xx_HAL_Driver/Src/stm32l4xx_hal.o
                0x080014d8                HAL_GetTick
 .text.HAL_Delay
                0x080014f0       0x48 ./Drivers/STM32L4xx_HAL_Driver/Src/stm32l4xx_hal.o
                0x080014f0                HAL_Delay
 .text.__NVIC_SetPriorityGrouping
                0x08001538       0x48 ./Drivers/STM32L4xx_HAL_Driver/Src/stm32l4xx_hal_cortex.o
 .text.__NVIC_GetPriorityGrouping
                0x08001580       0x1c ./Drivers/STM32L4xx_HAL_Driver/Src/stm32l4xx_hal_cortex.o
 .text.__NVIC_SetPriority
                0x0800159c       0x54 ./Drivers/STM32L4xx_HAL_Driver/Src/stm32l4xx_hal_cortex.o
 .text.NVIC_EncodePriority
                0x080015f0       0x66 ./Drivers/STM32L4xx_HAL_Driver/Src/stm32l4xx_hal_cortex.o
 *fill*         0x08001656        0x2 
 .text.SysTick_Config
                0x08001658       0x44 ./Drivers/STM32L4xx_HAL_Driver/Src/stm32l4xx_hal_cortex.o
 .text.HAL_NVIC_SetPriorityGrouping
                0x0800169c       0x16 ./Drivers/STM32L4xx_HAL_Driver/Src/stm32l4xx_hal_cortex.o
                0x0800169c                HAL_NVIC_SetPriorityGrouping
 .text.HAL_NVIC_SetPriority
                0x080016b2       0x38 ./Drivers/STM32L4xx_HAL_Driver/Src/stm32l4xx_hal_cortex.o
                0x080016b2                HAL_NVIC_SetPriority
 .text.HAL_SYSTICK_Config
                0x080016ea       0x18 ./Drivers/STM32L4xx_HAL_Driver/Src/stm32l4xx_hal_cortex.o
                0x080016ea                HAL_SYSTICK_Config
 *fill*         0x08001702        0x2 
 .text.HAL_GPIO_Init
                0x08001704      0x354 ./Drivers/STM32L4xx_HAL_Driver/Src/stm32l4xx_hal_gpio.o
                0x08001704                HAL_GPIO_Init
 .text.HAL_GPIO_ReadPin
                0x08001a58       0x30 ./Drivers/STM32L4xx_HAL_Driver/Src/stm32l4xx_hal_gpio.o
                0x08001a58                HAL_GPIO_ReadPin
 .text.HAL_GPIO_WritePin
                0x08001a88       0x30 ./Drivers/STM32L4xx_HAL_Driver/Src/stm32l4xx_hal_gpio.o
                0x08001a88                HAL_GPIO_WritePin
 .text.HAL_PWREx_GetVoltageRange
                0x08001ab8       0x1c ./Drivers/STM32L4xx_HAL_Driver/Src/stm32l4xx_hal_pwr_ex.o
                0x08001ab8                HAL_PWREx_GetVoltageRange
 .text.HAL_PWREx_ControlVoltageScaling
                0x08001ad4       0xac ./Drivers/STM32L4xx_HAL_Driver/Src/stm32l4xx_hal_pwr_ex.o
                0x08001ad4                HAL_PWREx_ControlVoltageScaling
 .text.HAL_RCC_OscConfig
                0x08001b80      0x7b8 ./Drivers/STM32L4xx_HAL_Driver/Src/stm32l4xx_hal_rcc.o
                0x08001b80                HAL_RCC_OscConfig
 .text.HAL_RCC_ClockConfig
                0x08002338      0x200 ./Drivers/STM32L4xx_HAL_Driver/Src/stm32l4xx_hal_rcc.o
                0x08002338                HAL_RCC_ClockConfig
 .text.HAL_RCC_GetSysClockFreq
                0x08002538      0x118 ./Drivers/STM32L4xx_HAL_Driver/Src/stm32l4xx_hal_rcc.o
                0x08002538                HAL_RCC_GetSysClockFreq
 .text.HAL_RCC_GetHCLKFreq
                0x08002650       0x18 ./Drivers/STM32L4xx_HAL_Driver/Src/stm32l4xx_hal_rcc.o
                0x08002650                HAL_RCC_GetHCLKFreq
 .text.HAL_RCC_GetPCLK1Freq
                0x08002668       0x2c ./Drivers/STM32L4xx_HAL_Driver/Src/stm32l4xx_hal_rcc.o
                0x08002668                HAL_RCC_GetPCLK1Freq
 .text.HAL_RCC_GetPCLK2Freq
                0x08002694       0x2c ./Drivers/STM32L4xx_HAL_Driver/Src/stm32l4xx_hal_rcc.o
                0x08002694                HAL_RCC_GetPCLK2Freq
 .text.RCC_SetFlashLatencyFromMSIRange
                0x080026c0       0xc0 ./Drivers/STM32L4xx_HAL_Driver/Src/stm32l4xx_hal_rcc.o
 .text.HAL_RCCEx_PeriphCLKConfig
                0x08002780      0x5d4 ./Drivers/STM32L4xx_HAL_Driver/Src/stm32l4xx_hal_rcc_ex.o
                0x08002780                HAL_RCCEx_PeriphCLKConfig
 .text.RCCEx_PLLSAI1_Config
                0x08002d54      0x1e8 ./Drivers/STM32L4xx_HAL_Driver/Src/stm32l4xx_hal_rcc_ex.o
 .text.RCCEx_PLLSAI2_Config
                0x08002f3c      0x1bc ./Drivers/STM32L4xx_HAL_Driver/Src/stm32l4xx_hal_rcc_ex.o
 .text.HAL_SPI_Init
                0x080030f8      0x146 ./Drivers/STM32L4xx_HAL_Driver/Src/stm32l4xx_hal_spi.o
                0x080030f8                HAL_SPI_Init
 .text.HAL_SPI_Transmit
                0x0800323e      0x2ec ./Drivers/STM32L4xx_HAL_Driver/Src/stm32l4xx_hal_spi.o
                0x0800323e                HAL_SPI_Transmit
 *fill*         0x0800352a        0x2 
 .text.SPI_WaitFlagStateUntilTimeout
                0x0800352c      0x110 ./Drivers/STM32L4xx_HAL_Driver/Src/stm32l4xx_hal_spi.o
 .text.SPI_WaitFifoStateUntilTimeout
                0x0800363c      0x12c ./Drivers/STM32L4xx_HAL_Driver/Src/stm32l4xx_hal_spi.o
 .text.SPI_EndRxTxTransaction
                0x08003768       0x8c ./Drivers/STM32L4xx_HAL_Driver/Src/stm32l4xx_hal_spi.o
 .text.HAL_UART_Init
                0x080037f4       0x9c ./Drivers/STM32L4xx_HAL_Driver/Src/stm32l4xx_hal_uart.o
                0x080037f4                HAL_UART_Init
 .text.UART_SetConfig
                0x08003890      0x570 ./Drivers/STM32L4xx_HAL_Driver/Src/stm32l4xx_hal_uart.o
                0x08003890                UART_SetConfig
 .text.UART_AdvFeatureConfig
                0x08003e00      0x144 ./Drivers/STM32L4xx_HAL_Driver/Src/stm32l4xx_hal_uart.o
                0x08003e00                UART_AdvFeatureConfig
 .text.UART_CheckIdleState
                0x08003f44      0x150 ./Drivers/STM32L4xx_HAL_Driver/Src/stm32l4xx_hal_uart.o
                0x08003f44                UART_CheckIdleState
 .text.UART_WaitOnFlagUntilTimeout
                0x08004094       0xda ./Drivers/STM32L4xx_HAL_Driver/Src/stm32l4xx_hal_uart.o
                0x08004094                UART_WaitOnFlagUntilTimeout
 .text.UART_EndRxTransfer
                0x0800416e       0xc8 ./Drivers/STM32L4xx_HAL_Driver/Src/stm32l4xx_hal_uart.o
 .text.memset   0x08004236       0x10 C:/ST/STM32CubeIDE_1.16.0/STM32CubeIDE/plugins/com.st.stm32cube.ide.mcu.externaltools.gnu-tools-for-stm32.12.3.rel1.win32_1.0.200.202406191623/tools/bin/../lib/gcc/arm-none-eabi/12.3.1/../../../../arm-none-eabi/lib/thumb/v7e-m+fp/hard\libc_nano.a(libc_a-memset.o)
                0x08004236                memset
 *fill*         0x08004246        0x2 
 .text.__libc_init_array
                0x08004248       0x48 C:/ST/STM32CubeIDE_1.16.0/STM32CubeIDE/plugins/com.st.stm32cube.ide.mcu.externaltools.gnu-tools-for-stm32.12.3.rel1.win32_1.0.200.202406191623/tools/bin/../lib/gcc/arm-none-eabi/12.3.1/../../../../arm-none-eabi/lib/thumb/v7e-m+fp/hard\libc_nano.a(libc_a-init.o)
                0x08004248                __libc_init_array
 *(.glue_7)
 .glue_7        0x08004290        0x0 linker stubs
 *(.glue_7t)
 .glue_7t       0x08004290        0x0 linker stubs
 *(.eh_frame)
 .eh_frame      0x08004290        0x0 C:/ST/STM32CubeIDE_1.16.0/STM32CubeIDE/plugins/com.st.stm32cube.ide.mcu.externaltools.gnu-tools-for-stm32.12.3.rel1.win32_1.0.200.202406191623/tools/bin/../lib/gcc/arm-none-eabi/12.3.1/thumb/v7e-m+fp/hard/crtbegin.o
 *(.init)
 .init          0x08004290        0x4 C:/ST/STM32CubeIDE_1.16.0/STM32CubeIDE/plugins/com.st.stm32cube.ide.mcu.externaltools.gnu-tools-for-stm32.12.3.rel1.win32_1.0.200.202406191623/tools/bin/../lib/gcc/arm-none-eabi/12.3.1/thumb/v7e-m+fp/hard/crti.o
                0x08004290                _init
 .init          0x08004294        0x8 C:/ST/STM32CubeIDE_1.16.0/STM32CubeIDE/plugins/com.st.stm32cube.ide.mcu.externaltools.gnu-tools-for-stm32.12.3.rel1.win32_1.0.200.202406191623/tools/bin/../lib/gcc/arm-none-eabi/12.3.1/thumb/v7e-m+fp/hard/crtn.o
 *(.fini)
 .fini          0x0800429c        0x4 C:/ST/STM32CubeIDE_1.16.0/STM32CubeIDE/plugins/com.st.stm32cube.ide.mcu.externaltools.gnu-tools-for-stm32.12.3.rel1.win32_1.0.200.202406191623/tools/bin/../lib/gcc/arm-none-eabi/12.3.1/thumb/v7e-m+fp/hard/crti.o
                0x0800429c                _fini
 .fini          0x080042a0        0x8 C:/ST/STM32CubeIDE_1.16.0/STM32CubeIDE/plugins/com.st.stm32cube.ide.mcu.externaltools.gnu-tools-for-stm32.12.3.rel1.win32_1.0.200.202406191623/tools/bin/../lib/gcc/arm-none-eabi/12.3.1/thumb/v7e-m+fp/hard/crtn.o
                0x080042a8                        . = ALIGN (0x4)
                0x080042a8                        _etext = .

.vfp11_veneer   0x080042a8        0x0
 .vfp11_veneer  0x080042a8        0x0 linker stubs

.v4_bx          0x080042a8        0x0
 .v4_bx         0x080042a8        0x0 linker stubs

.iplt           0x080042a8        0x0
 .iplt          0x080042a8        0x0 C:/ST/STM32CubeIDE_1.16.0/STM32CubeIDE/plugins/com.st.stm32cube.ide.mcu.externaltools.gnu-tools-for-stm32.12.3.rel1.win32_1.0.200.202406191623/tools/bin/../lib/gcc/arm-none-eabi/12.3.1/thumb/v7e-m+fp/hard/crtbegin.o

.rodata         0x080042a8      0x4d4
                0x080042a8                        . = ALIGN (0x4)
 *(.rodata)
 .rodata        0x080042a8       0x16 ./Core/Src/demo_2_13ich.o
 *(.rodata*)
 *fill*         0x080042be        0x2 
 .rodata.Font12_Table
                0x080042c0      0x474 ./Core/Fonts/font12.o
                0x080042c0                Font12_Table
 .rodata.AHBPrescTable
                0x08004734       0x10 ./Core/Src/system_stm32l4xx.o
                0x08004734                AHBPrescTable
 .rodata.APBPrescTable
                0x08004744        0x8 ./Core/Src/system_stm32l4xx.o
                0x08004744                APBPrescTable
 .rodata.MSIRangeTable
                0x0800474c       0x30 ./Core/Src/system_stm32l4xx.o
                0x0800474c                MSIRangeTable
                0x0800477c                        . = ALIGN (0x4)

.ARM.extab      0x0800477c        0x0
                0x0800477c                        . = ALIGN (0x4)
 *(.ARM.extab* .gnu.linkonce.armextab.*)
                0x0800477c                        . = ALIGN (0x4)

.ARM            0x0800477c        0x8
                0x0800477c                        . = ALIGN (0x4)
                0x0800477c                        __exidx_start = .
 *(.ARM.exidx*)
 .ARM.exidx     0x0800477c        0x8 C:/ST/STM32CubeIDE_1.16.0/STM32CubeIDE/plugins/com.st.stm32cube.ide.mcu.externaltools.gnu-tools-for-stm32.12.3.rel1.win32_1.0.200.202406191623/tools/bin/../lib/gcc/arm-none-eabi/12.3.1/thumb/v7e-m+fp/hard\libgcc.a(_udivmoddi4.o)
                0x08004784                        __exidx_end = .
                0x08004784                        . = ALIGN (0x4)

.preinit_array  0x08004784        0x0
                0x08004784                        . = ALIGN (0x4)
                0x08004784                        PROVIDE (__preinit_array_start = .)
 *(.preinit_array*)
                0x08004784                        PROVIDE (__preinit_array_end = .)
                0x08004784                        . = ALIGN (0x4)

.init_array     0x08004784        0x4
                0x08004784                        . = ALIGN (0x4)
                0x08004784                        PROVIDE (__init_array_start = .)
 *(SORT_BY_NAME(.init_array.*))
 *(.init_array*)
 .init_array    0x08004784        0x4 C:/ST/STM32CubeIDE_1.16.0/STM32CubeIDE/plugins/com.st.stm32cube.ide.mcu.externaltools.gnu-tools-for-stm32.12.3.rel1.win32_1.0.200.202406191623/tools/bin/../lib/gcc/arm-none-eabi/12.3.1/thumb/v7e-m+fp/hard/crtbegin.o
                0x08004788                        PROVIDE (__init_array_end = .)
                0x08004788                        . = ALIGN (0x4)

.fini_array     0x08004788        0x4
                0x08004788                        . = ALIGN (0x4)
                [!provide]                        PROVIDE (__fini_array_start = .)
 *(SORT_BY_NAME(.fini_array.*))
 *(.fini_array*)
 .fini_array    0x08004788        0x4 C:/ST/STM32CubeIDE_1.16.0/STM32CubeIDE/plugins/com.st.stm32cube.ide.mcu.externaltools.gnu-tools-for-stm32.12.3.rel1.win32_1.0.200.202406191623/tools/bin/../lib/gcc/arm-none-eabi/12.3.1/thumb/v7e-m+fp/hard/crtbegin.o
                [!provide]                        PROVIDE (__fini_array_end = .)
                0x0800478c                        . = ALIGN (0x4)
                0x0800478c                        _sidata = LOADADDR (.data)

.rel.dyn        0x0800478c        0x0
 .rel.iplt      0x0800478c        0x0 C:/ST/STM32CubeIDE_1.16.0/STM32CubeIDE/plugins/com.st.stm32cube.ide.mcu.externaltools.gnu-tools-for-stm32.12.3.rel1.win32_1.0.200.202406191623/tools/bin/../lib/gcc/arm-none-eabi/12.3.1/thumb/v7e-m+fp/hard/crtbegin.o

.data           0x20000000       0x14 load address 0x0800478c
                0x20000000                        . = ALIGN (0x4)
                0x20000000                        _sdata = .
 *(.data)
 *(.data*)
 .data.Font12   0x20000000        0x8 ./Core/Fonts/font12.o
                0x20000000                Font12
 .data.SystemCoreClock
                0x20000008        0x4 ./Core/Src/system_stm32l4xx.o
                0x20000008                SystemCoreClock
 .data.uwTickPrio
                0x2000000c        0x4 ./Drivers/STM32L4xx_HAL_Driver/Src/stm32l4xx_hal.o
                0x2000000c                uwTickPrio
 .data.uwTickFreq
                0x20000010        0x1 ./Drivers/STM32L4xx_HAL_Driver/Src/stm32l4xx_hal.o
                0x20000010                uwTickFreq
 *(.RamFunc)
 *(.RamFunc*)
                0x20000014                        . = ALIGN (0x4)
 *fill*         0x20000011        0x3 
                0x20000014                        _edata = .

.igot.plt       0x20000014        0x0 load address 0x080047a0
 .igot.plt      0x20000014        0x0 C:/ST/STM32CubeIDE_1.16.0/STM32CubeIDE/plugins/com.st.stm32cube.ide.mcu.externaltools.gnu-tools-for-stm32.12.3.rel1.win32_1.0.200.202406191623/tools/bin/../lib/gcc/arm-none-eabi/12.3.1/thumb/v7e-m+fp/hard/crtbegin.o
                0x20000014                        . = ALIGN (0x4)

.bss            0x20000014     0x1e74 load address 0x080047a0
                0x20000014                        _sbss = .
                0x20000014                        __bss_start__ = _sbss
 *(.bss)
 .bss           0x20000014       0x1c C:/ST/STM32CubeIDE_1.16.0/STM32CubeIDE/plugins/com.st.stm32cube.ide.mcu.externaltools.gnu-tools-for-stm32.12.3.rel1.win32_1.0.200.202406191623/tools/bin/../lib/gcc/arm-none-eabi/12.3.1/thumb/v7e-m+fp/hard/crtbegin.o
 *(.bss*)
 .bss.Paint     0x20000030       0x18 ./Core/Src/GUI_Paint.o
                0x20000030                Paint
 .bss.BlackImage.1
                0x20000048      0xea6 ./Core/Src/demo_2_13ich.o
 *fill*         0x20000eee        0x2 
 .bss.RedImage.0
                0x20000ef0      0xea6 ./Core/Src/demo_2_13ich.o
 *fill*         0x20001d96        0x2 
 .bss.hspi1     0x20001d98       0x64 ./Core/Src/spi.o
                0x20001d98                hspi1
 .bss.huart2    0x20001dfc       0x88 ./Core/Src/usart.o
                0x20001dfc                huart2
 .bss.uwTick    0x20001e84        0x4 ./Drivers/STM32L4xx_HAL_Driver/Src/stm32l4xx_hal.o
                0x20001e84                uwTick
 *(COMMON)
                0x20001e88                        . = ALIGN (0x4)
                0x20001e88                        _ebss = .
                0x20001e88                        __bss_end__ = _ebss

._user_heap_stack
                0x20001e88      0x600 load address 0x080047a0
                0x20001e88                        . = ALIGN (0x8)
                [!provide]                        PROVIDE (end = .)
                0x20001e88                        PROVIDE (_end = .)
                0x20002088                        . = (. + _Min_Heap_Size)
 *fill*         0x20001e88      0x200 
                0x20002488                        . = (. + _Min_Stack_Size)
 *fill*         0x20002088      0x400 
                0x20002488                        . = ALIGN (0x8)

/DISCARD/
 libc.a(*)
 libm.a(*)
 libgcc.a(*)

.ARM.attributes
                0x00000000       0x30
 *(.ARM.attributes)
 .ARM.attributes
                0x00000000       0x22 C:/ST/STM32CubeIDE_1.16.0/STM32CubeIDE/plugins/com.st.stm32cube.ide.mcu.externaltools.gnu-tools-for-stm32.12.3.rel1.win32_1.0.200.202406191623/tools/bin/../lib/gcc/arm-none-eabi/12.3.1/thumb/v7e-m+fp/hard/crti.o
 .ARM.attributes
                0x00000022       0x34 C:/ST/STM32CubeIDE_1.16.0/STM32CubeIDE/plugins/com.st.stm32cube.ide.mcu.externaltools.gnu-tools-for-stm32.12.3.rel1.win32_1.0.200.202406191623/tools/bin/../lib/gcc/arm-none-eabi/12.3.1/thumb/v7e-m+fp/hard/crtbegin.o
 .ARM.attributes
                0x00000056       0x34 ./Core/Fonts/font12.o
 .ARM.attributes
                0x0000008a       0x34 ./Core/Src/GUI_Paint.o
 .ARM.attributes
                0x000000be       0x34 ./Core/Src/IL3895.o
 .ARM.attributes
                0x000000f2       0x34 ./Core/Src/demo_2_13ich.o
 .ARM.attributes
                0x00000126       0x34 ./Core/Src/gpio.o
 .ARM.attributes
                0x0000015a       0x34 ./Core/Src/main.o
 .ARM.attributes
                0x0000018e       0x34 ./Core/Src/spi.o
 .ARM.attributes
                0x000001c2       0x34 ./Core/Src/stm32l4xx_hal_msp.o
 .ARM.attributes
                0x000001f6       0x34 ./Core/Src/stm32l4xx_it.o
 .ARM.attributes
                0x0000022a       0x34 ./Core/Src/system_stm32l4xx.o
 .ARM.attributes
                0x0000025e       0x34 ./Core/Src/usart.o
 .ARM.attributes
                0x00000292       0x21 ./Core/Startup/startup_stm32l476rgtx.o
 .ARM.attributes
                0x000002b3       0x34 ./Drivers/STM32L4xx_HAL_Driver/Src/stm32l4xx_hal.o
 .ARM.attributes
                0x000002e7       0x34 ./Drivers/STM32L4xx_HAL_Driver/Src/stm32l4xx_hal_cortex.o
 .ARM.attributes
                0x0000031b       0x34 ./Drivers/STM32L4xx_HAL_Driver/Src/stm32l4xx_hal_gpio.o
 .ARM.attributes
                0x0000034f       0x34 ./Drivers/STM32L4xx_HAL_Driver/Src/stm32l4xx_hal_pwr_ex.o
 .ARM.attributes
                0x00000383       0x34 ./Drivers/STM32L4xx_HAL_Driver/Src/stm32l4xx_hal_rcc.o
 .ARM.attributes
                0x000003b7       0x34 ./Drivers/STM32L4xx_HAL_Driver/Src/stm32l4xx_hal_rcc_ex.o
 .ARM.attributes
                0x000003eb       0x34 ./Drivers/STM32L4xx_HAL_Driver/Src/stm32l4xx_hal_spi.o
 .ARM.attributes
                0x0000041f       0x34 ./Drivers/STM32L4xx_HAL_Driver/Src/stm32l4xx_hal_uart.o
 .ARM.attributes
                0x00000453       0x34 C:/ST/STM32CubeIDE_1.16.0/STM32CubeIDE/plugins/com.st.stm32cube.ide.mcu.externaltools.gnu-tools-for-stm32.12.3.rel1.win32_1.0.200.202406191623/tools/bin/../lib/gcc/arm-none-eabi/12.3.1/../../../../arm-none-eabi/lib/thumb/v7e-m+fp/hard\libc_nano.a(libc_a-memset.o)
 .ARM.attributes
                0x00000487       0x34 C:/ST/STM32CubeIDE_1.16.0/STM32CubeIDE/plugins/com.st.stm32cube.ide.mcu.externaltools.gnu-tools-for-stm32.12.3.rel1.win32_1.0.200.202406191623/tools/bin/../lib/gcc/arm-none-eabi/12.3.1/../../../../arm-none-eabi/lib/thumb/v7e-m+fp/hard\libc_nano.a(libc_a-init.o)
 .ARM.attributes
                0x000004bb       0x22 C:/ST/STM32CubeIDE_1.16.0/STM32CubeIDE/plugins/com.st.stm32cube.ide.mcu.externaltools.gnu-tools-for-stm32.12.3.rel1.win32_1.0.200.202406191623/tools/bin/../lib/gcc/arm-none-eabi/12.3.1/thumb/v7e-m+fp/hard\libgcc.a(_aeabi_uldivmod.o)
 .ARM.attributes
                0x000004dd       0x34 C:/ST/STM32CubeIDE_1.16.0/STM32CubeIDE/plugins/com.st.stm32cube.ide.mcu.externaltools.gnu-tools-for-stm32.12.3.rel1.win32_1.0.200.202406191623/tools/bin/../lib/gcc/arm-none-eabi/12.3.1/thumb/v7e-m+fp/hard\libgcc.a(_udivmoddi4.o)
 .ARM.attributes
                0x00000511       0x22 C:/ST/STM32CubeIDE_1.16.0/STM32CubeIDE/plugins/com.st.stm32cube.ide.mcu.externaltools.gnu-tools-for-stm32.12.3.rel1.win32_1.0.200.202406191623/tools/bin/../lib/gcc/arm-none-eabi/12.3.1/thumb/v7e-m+fp/hard\libgcc.a(_dvmd_tls.o)
 .ARM.attributes
                0x00000533       0x22 C:/ST/STM32CubeIDE_1.16.0/STM32CubeIDE/plugins/com.st.stm32cube.ide.mcu.externaltools.gnu-tools-for-stm32.12.3.rel1.win32_1.0.200.202406191623/tools/bin/../lib/gcc/arm-none-eabi/12.3.1/thumb/v7e-m+fp/hard/crtn.o
OUTPUT(RC_project.elf elf32-littlearm)
LOAD linker stubs
LOAD C:/ST/STM32CubeIDE_1.16.0/STM32CubeIDE/plugins/com.st.stm32cube.ide.mcu.externaltools.gnu-tools-for-stm32.12.3.rel1.win32_1.0.200.202406191623/tools/bin/../lib/gcc/arm-none-eabi/12.3.1/../../../../arm-none-eabi/lib/thumb/v7e-m+fp/hard\libc.a
LOAD C:/ST/STM32CubeIDE_1.16.0/STM32CubeIDE/plugins/com.st.stm32cube.ide.mcu.externaltools.gnu-tools-for-stm32.12.3.rel1.win32_1.0.200.202406191623/tools/bin/../lib/gcc/arm-none-eabi/12.3.1/../../../../arm-none-eabi/lib/thumb/v7e-m+fp/hard\libm.a
LOAD C:/ST/STM32CubeIDE_1.16.0/STM32CubeIDE/plugins/com.st.stm32cube.ide.mcu.externaltools.gnu-tools-for-stm32.12.3.rel1.win32_1.0.200.202406191623/tools/bin/../lib/gcc/arm-none-eabi/12.3.1/thumb/v7e-m+fp/hard\libgcc.a

.debug_info     0x00000000     0xe255
 .debug_info    0x00000000      0x12c ./Core/Fonts/font12.o
 .debug_info    0x0000012c      0xf2f ./Core/Src/GUI_Paint.o
 .debug_info    0x0000105b      0xa1b ./Core/Src/IL3895.o
 .debug_info    0x00001a76      0x45e ./Core/Src/demo_2_13ich.o
 .debug_info    0x00001ed4      0x43b ./Core/Src/gpio.o
 .debug_info    0x0000230f      0x9a3 ./Core/Src/main.o
 .debug_info    0x00002cb2      0x985 ./Core/Src/spi.o
 .debug_info    0x00003637      0x2b9 ./Core/Src/stm32l4xx_hal_msp.o
 .debug_info    0x000038f0      0x113 ./Core/Src/stm32l4xx_it.o
 .debug_info    0x00003a03      0x5b1 ./Core/Src/system_stm32l4xx.o
 .debug_info    0x00003fb4      0xd1b ./Core/Src/usart.o
 .debug_info    0x00004ccf       0x30 ./Core/Startup/startup_stm32l476rgtx.o
 .debug_info    0x00004cff      0xc09 ./Drivers/STM32L4xx_HAL_Driver/Src/stm32l4xx_hal.o
 .debug_info    0x00005908      0xd81 ./Drivers/STM32L4xx_HAL_Driver/Src/stm32l4xx_hal_cortex.o
 .debug_info    0x00006689      0x757 ./Drivers/STM32L4xx_HAL_Driver/Src/stm32l4xx_hal_gpio.o
 .debug_info    0x00006de0      0x99e ./Drivers/STM32L4xx_HAL_Driver/Src/stm32l4xx_hal_pwr_ex.o
 .debug_info    0x0000777e      0xc14 ./Drivers/STM32L4xx_HAL_Driver/Src/stm32l4xx_hal_rcc.o
 .debug_info    0x00008392      0xe11 ./Drivers/STM32L4xx_HAL_Driver/Src/stm32l4xx_hal_rcc_ex.o
 .debug_info    0x000091a3     0x1549 ./Drivers/STM32L4xx_HAL_Driver/Src/stm32l4xx_hal_spi.o
 .debug_info    0x0000a6ec     0x3b69 ./Drivers/STM32L4xx_HAL_Driver/Src/stm32l4xx_hal_uart.o

.debug_abbrev   0x00000000     0x2441
 .debug_abbrev  0x00000000       0xb1 ./Core/Fonts/font12.o
 .debug_abbrev  0x000000b1      0x1e8 ./Core/Src/GUI_Paint.o
 .debug_abbrev  0x00000299      0x248 ./Core/Src/IL3895.o
 .debug_abbrev  0x000004e1      0x1ab ./Core/Src/demo_2_13ich.o
 .debug_abbrev  0x0000068c      0x152 ./Core/Src/gpio.o
 .debug_abbrev  0x000007de      0x239 ./Core/Src/main.o
 .debug_abbrev  0x00000a17      0x1fa ./Core/Src/spi.o
 .debug_abbrev  0x00000c11       0xc6 ./Core/Src/stm32l4xx_hal_msp.o
 .debug_abbrev  0x00000cd7       0x73 ./Core/Src/stm32l4xx_it.o
 .debug_abbrev  0x00000d4a      0x11a ./Core/Src/system_stm32l4xx.o
 .debug_abbrev  0x00000e64      0x1f5 ./Core/Src/usart.o
 .debug_abbrev  0x00001059       0x24 ./Core/Startup/startup_stm32l476rgtx.o
 .debug_abbrev  0x0000107d      0x243 ./Drivers/STM32L4xx_HAL_Driver/Src/stm32l4xx_hal.o
 .debug_abbrev  0x000012c0      0x31c ./Drivers/STM32L4xx_HAL_Driver/Src/stm32l4xx_hal_cortex.o
 .debug_abbrev  0x000015dc      0x1cb ./Drivers/STM32L4xx_HAL_Driver/Src/stm32l4xx_hal_gpio.o
 .debug_abbrev  0x000017a7      0x1f9 ./Drivers/STM32L4xx_HAL_Driver/Src/stm32l4xx_hal_pwr_ex.o
 .debug_abbrev  0x000019a0      0x2cb ./Drivers/STM32L4xx_HAL_Driver/Src/stm32l4xx_hal_rcc.o
 .debug_abbrev  0x00001c6b      0x2a6 ./Drivers/STM32L4xx_HAL_Driver/Src/stm32l4xx_hal_rcc_ex.o
 .debug_abbrev  0x00001f11      0x260 ./Drivers/STM32L4xx_HAL_Driver/Src/stm32l4xx_hal_spi.o
 .debug_abbrev  0x00002171      0x2d0 ./Drivers/STM32L4xx_HAL_Driver/Src/stm32l4xx_hal_uart.o

.debug_aranges  0x00000000      0xca8
 .debug_aranges
                0x00000000       0x18 ./Core/Fonts/font12.o
 .debug_aranges
                0x00000018       0xc0 ./Core/Src/GUI_Paint.o
 .debug_aranges
                0x000000d8       0xb8 ./Core/Src/IL3895.o
 .debug_aranges
                0x00000190       0x30 ./Core/Src/demo_2_13ich.o
 .debug_aranges
                0x000001c0       0x20 ./Core/Src/gpio.o
 .debug_aranges
                0x000001e0       0x38 ./Core/Src/main.o
 .debug_aranges
                0x00000218       0x30 ./Core/Src/spi.o
 .debug_aranges
                0x00000248       0x20 ./Core/Src/stm32l4xx_hal_msp.o
 .debug_aranges
                0x00000268       0x60 ./Core/Src/stm32l4xx_it.o
 .debug_aranges
                0x000002c8       0x28 ./Core/Src/system_stm32l4xx.o
 .debug_aranges
                0x000002f0       0x30 ./Core/Src/usart.o
 .debug_aranges
                0x00000320       0x28 ./Core/Startup/startup_stm32l476rgtx.o
 .debug_aranges
                0x00000348      0x130 ./Drivers/STM32L4xx_HAL_Driver/Src/stm32l4xx_hal.o
 .debug_aranges
                0x00000478      0x128 ./Drivers/STM32L4xx_HAL_Driver/Src/stm32l4xx_hal_cortex.o
 .debug_aranges
                0x000005a0       0x58 ./Drivers/STM32L4xx_HAL_Driver/Src/stm32l4xx_hal_gpio.o
 .debug_aranges
                0x000005f8      0x160 ./Drivers/STM32L4xx_HAL_Driver/Src/stm32l4xx_hal_pwr_ex.o
 .debug_aranges
                0x00000758       0x90 ./Drivers/STM32L4xx_HAL_Driver/Src/stm32l4xx_hal_rcc.o
 .debug_aranges
                0x000007e8       0xc0 ./Drivers/STM32L4xx_HAL_Driver/Src/stm32l4xx_hal_rcc_ex.o
 .debug_aranges
                0x000008a8      0x1d8 ./Drivers/STM32L4xx_HAL_Driver/Src/stm32l4xx_hal_spi.o
 .debug_aranges
                0x00000a80      0x228 ./Drivers/STM32L4xx_HAL_Driver/Src/stm32l4xx_hal_uart.o

.debug_macro    0x00000000    0x26ae9
 .debug_macro   0x00000000       0x6c ./Core/Fonts/font12.o
 .debug_macro   0x0000006c      0xab4 ./Core/Fonts/font12.o
 .debug_macro   0x00000b20       0x1c ./Core/Fonts/font12.o
 .debug_macro   0x00000b3c       0x22 ./Core/Fonts/font12.o
 .debug_macro   0x00000b5e       0x8e ./Core/Fonts/font12.o
 .debug_macro   0x00000bec       0x51 ./Core/Fonts/font12.o
 .debug_macro   0x00000c3d      0x103 ./Core/Fonts/font12.o
 .debug_macro   0x00000d40       0x6a ./Core/Fonts/font12.o
 .debug_macro   0x00000daa      0x1df ./Core/Fonts/font12.o
 .debug_macro   0x00000f89      0x196 ./Core/Src/GUI_Paint.o
 .debug_macro   0x0000111f       0x74 ./Core/Src/GUI_Paint.o
 .debug_macro   0x00001193       0x2a ./Core/Src/GUI_Paint.o
 .debug_macro   0x000011bd       0x61 ./Core/Src/GUI_Paint.o
 .debug_macro   0x0000121e       0x43 ./Core/Src/GUI_Paint.o
 .debug_macro   0x00001261       0x34 ./Core/Src/GUI_Paint.o
 .debug_macro   0x00001295       0x16 ./Core/Src/GUI_Paint.o
 .debug_macro   0x000012ab      0x11c ./Core/Src/GUI_Paint.o
 .debug_macro   0x000013c7       0x94 ./Core/Src/GUI_Paint.o
 .debug_macro   0x0000145b       0x16 ./Core/Src/GUI_Paint.o
 .debug_macro   0x00001471       0x43 ./Core/Src/GUI_Paint.o
 .debug_macro   0x000014b4       0x34 ./Core/Src/GUI_Paint.o
 .debug_macro   0x000014e8       0x10 ./Core/Src/GUI_Paint.o
 .debug_macro   0x000014f8       0x58 ./Core/Src/GUI_Paint.o
 .debug_macro   0x00001550       0x8e ./Core/Src/GUI_Paint.o
 .debug_macro   0x000015de       0x1c ./Core/Src/GUI_Paint.o
 .debug_macro   0x000015fa      0x177 ./Core/Src/GUI_Paint.o
 .debug_macro   0x00001771      0x369 ./Core/Src/GUI_Paint.o
 .debug_macro   0x00001ada       0x16 ./Core/Src/GUI_Paint.o
 .debug_macro   0x00001af0       0x29 ./Core/Src/GUI_Paint.o
 .debug_macro   0x00001b19       0x16 ./Core/Src/GUI_Paint.o
 .debug_macro   0x00001b2f       0x35 ./Core/Src/GUI_Paint.o
 .debug_macro   0x00001b64       0x20 ./Core/Src/GUI_Paint.o
 .debug_macro   0x00001b84      0x19b ./Core/Src/GUI_Paint.o
 .debug_macro   0x00001d1f      0x1d6 ./Core/Src/IL3895.o
 .debug_macro   0x00001ef5      0x1a7 ./Core/Src/IL3895.o
 .debug_macro   0x0000209c       0x2e ./Core/Src/IL3895.o
 .debug_macro   0x000020ca       0x28 ./Core/Src/IL3895.o
 .debug_macro   0x000020f2       0x1c ./Core/Src/IL3895.o
 .debug_macro   0x0000210e       0x22 ./Core/Src/IL3895.o
 .debug_macro   0x00002130       0xfb ./Core/Src/IL3895.o
 .debug_macro   0x0000222b     0x1011 ./Core/Src/IL3895.o
 .debug_macro   0x0000323c      0x11f ./Core/Src/IL3895.o
 .debug_macro   0x0000335b    0x1a17a ./Core/Src/IL3895.o
 .debug_macro   0x0001d4d5       0x6d ./Core/Src/IL3895.o
 .debug_macro   0x0001d542     0x38fb ./Core/Src/IL3895.o
 .debug_macro   0x00020e3d      0x189 ./Core/Src/IL3895.o
 .debug_macro   0x00020fc6       0x5c ./Core/Src/IL3895.o
 .debug_macro   0x00021022     0x159e ./Core/Src/IL3895.o
 .debug_macro   0x000225c0      0x5a5 ./Core/Src/IL3895.o
 .debug_macro   0x00022b65      0x1b9 ./Core/Src/IL3895.o
 .debug_macro   0x00022d1e      0x18b ./Core/Src/IL3895.o
 .debug_macro   0x00022ea9      0x26b ./Core/Src/IL3895.o
 .debug_macro   0x00023114      0x23d ./Core/Src/IL3895.o
 .debug_macro   0x00023351      0x241 ./Core/Src/IL3895.o
 .debug_macro   0x00023592      0x37c ./Core/Src/IL3895.o
 .debug_macro   0x0002390e       0xd6 ./Core/Src/IL3895.o
 .debug_macro   0x000239e4      0x122 ./Core/Src/IL3895.o
 .debug_macro   0x00023b06      0x3ef ./Core/Src/IL3895.o
 .debug_macro   0x00023ef5      0x2fe ./Core/Src/IL3895.o
 .debug_macro   0x000241f3      0x5cf ./Core/Src/IL3895.o
 .debug_macro   0x000247c2       0x44 ./Core/Src/IL3895.o
 .debug_macro   0x00024806      0x330 ./Core/Src/IL3895.o
 .debug_macro   0x00024b36       0x4c ./Core/Src/IL3895.o
 .debug_macro   0x00024b82      0x2fa ./Core/Src/demo_2_13ich.o
 .debug_macro   0x00024e7c       0x56 ./Core/Src/demo_2_13ich.o
 .debug_macro   0x00024ed2      0x1da ./Core/Src/gpio.o
 .debug_macro   0x000250ac      0x1f2 ./Core/Src/main.o
 .debug_macro   0x0002529e      0x1da ./Core/Src/spi.o
 .debug_macro   0x00025478      0x1d0 ./Core/Src/stm32l4xx_hal_msp.o
 .debug_macro   0x00025648      0x1da ./Core/Src/stm32l4xx_it.o
 .debug_macro   0x00025822      0x1c1 ./Core/Src/system_stm32l4xx.o
 .debug_macro   0x000259e3      0x1da ./Core/Src/usart.o
 .debug_macro   0x00025bbd      0x20f ./Drivers/STM32L4xx_HAL_Driver/Src/stm32l4xx_hal.o
 .debug_macro   0x00025dcc      0x1c1 ./Drivers/STM32L4xx_HAL_Driver/Src/stm32l4xx_hal_cortex.o
 .debug_macro   0x00025f8d      0x1c8 ./Drivers/STM32L4xx_HAL_Driver/Src/stm32l4xx_hal_gpio.o
 .debug_macro   0x00026155      0x1e5 ./Drivers/STM32L4xx_HAL_Driver/Src/stm32l4xx_hal_pwr_ex.o
 .debug_macro   0x0002633a      0x203 ./Drivers/STM32L4xx_HAL_Driver/Src/stm32l4xx_hal_rcc.o
 .debug_macro   0x0002653d      0x1f7 ./Drivers/STM32L4xx_HAL_Driver/Src/stm32l4xx_hal_rcc_ex.o
 .debug_macro   0x00026734      0x1c9 ./Drivers/STM32L4xx_HAL_Driver/Src/stm32l4xx_hal_spi.o
 .debug_macro   0x000268fd      0x1ec ./Drivers/STM32L4xx_HAL_Driver/Src/stm32l4xx_hal_uart.o

.debug_line     0x00000000    0x10d76
 .debug_line    0x00000000      0x409 ./Core/Fonts/font12.o
 .debug_line    0x00000409     0x1575 ./Core/Src/GUI_Paint.o
 .debug_line    0x0000197e      0xaa7 ./Core/Src/IL3895.o
 .debug_line    0x00002425      0x9b8 ./Core/Src/demo_2_13ich.o
 .debug_line    0x00002ddd      0x775 ./Core/Src/gpio.o
 .debug_line    0x00003552      0x809 ./Core/Src/main.o
 .debug_line    0x00003d5b      0x7c8 ./Core/Src/spi.o
 .debug_line    0x00004523      0x750 ./Core/Src/stm32l4xx_hal_msp.o
 .debug_line    0x00004c73      0x812 ./Core/Src/stm32l4xx_it.o
 .debug_line    0x00005485      0x7ea ./Core/Src/system_stm32l4xx.o
 .debug_line    0x00005c6f      0x7d1 ./Core/Src/usart.o
 .debug_line    0x00006440       0x7a ./Core/Startup/startup_stm32l476rgtx.o
 .debug_line    0x000064ba      0xb46 ./Drivers/STM32L4xx_HAL_Driver/Src/stm32l4xx_hal.o
 .debug_line    0x00007000      0xd0e ./Drivers/STM32L4xx_HAL_Driver/Src/stm32l4xx_hal_cortex.o
 .debug_line    0x00007d0e      0xbd1 ./Drivers/STM32L4xx_HAL_Driver/Src/stm32l4xx_hal_gpio.o
 .debug_line    0x000088df      0xd37 ./Drivers/STM32L4xx_HAL_Driver/Src/stm32l4xx_hal_pwr_ex.o
 .debug_line    0x00009616      0xfbe ./Drivers/STM32L4xx_HAL_Driver/Src/stm32l4xx_hal_rcc.o
 .debug_line    0x0000a5d4     0x1530 ./Drivers/STM32L4xx_HAL_Driver/Src/stm32l4xx_hal_rcc_ex.o
 .debug_line    0x0000bb04     0x201b ./Drivers/STM32L4xx_HAL_Driver/Src/stm32l4xx_hal_spi.o
 .debug_line    0x0000db1f     0x3257 ./Drivers/STM32L4xx_HAL_Driver/Src/stm32l4xx_hal_uart.o

.debug_str      0x00000000    0xea20b
 .debug_str     0x00000000     0x3c36 ./Core/Fonts/font12.o
                               0x3dad (size before relaxing)
 .debug_str     0x00003c36     0x4337 ./Core/Src/GUI_Paint.o
                               0x81cc (size before relaxing)
 .debug_str     0x00007f6d    0xdeceb ./Core/Src/IL3895.o
                              0xe2eda (size before relaxing)
 .debug_str     0x000e6c58      0x112 ./Core/Src/demo_2_13ich.o
                              0xe5e66 (size before relaxing)
 .debug_str     0x000e6d6a      0x1bb ./Core/Src/gpio.o
                              0xe2b15 (size before relaxing)
 .debug_str     0x000e6f25      0x3eb ./Core/Src/main.o
                              0xe2fbb (size before relaxing)
 .debug_str     0x000e7310       0x5b ./Core/Src/spi.o
                              0xe2f41 (size before relaxing)
 .debug_str     0x000e736b       0x2c ./Core/Src/stm32l4xx_hal_msp.o
                              0xe2a45 (size before relaxing)
 .debug_str     0x000e7397       0xc9 ./Core/Src/stm32l4xx_it.o
                              0xe297e (size before relaxing)
 .debug_str     0x000e7460       0xf2 ./Core/Src/system_stm32l4xx.o
                              0xe29ef (size before relaxing)
 .debug_str     0x000e7552      0x2c5 ./Core/Src/usart.o
                              0xe323f (size before relaxing)
 .debug_str     0x000e7817       0x44 ./Core/Startup/startup_stm32l476rgtx.o
                                 0x82 (size before relaxing)
 .debug_str     0x000e785b      0xafb ./Drivers/STM32L4xx_HAL_Driver/Src/stm32l4xx_hal.o
                              0xe35ee (size before relaxing)
 .debug_str     0x000e8356      0x372 ./Drivers/STM32L4xx_HAL_Driver/Src/stm32l4xx_hal_cortex.o
                              0xe3268 (size before relaxing)
 .debug_str     0x000e86c8      0x112 ./Drivers/STM32L4xx_HAL_Driver/Src/stm32l4xx_hal_gpio.o
                              0xe2b68 (size before relaxing)
 .debug_str     0x000e87da      0x4e3 ./Drivers/STM32L4xx_HAL_Driver/Src/stm32l4xx_hal_pwr_ex.o
                              0xe2f4a (size before relaxing)
 .debug_str     0x000e8cbd      0x345 ./Drivers/STM32L4xx_HAL_Driver/Src/stm32l4xx_hal_rcc.o
                              0xe3035 (size before relaxing)
 .debug_str     0x000e9002      0x3bf ./Drivers/STM32L4xx_HAL_Driver/Src/stm32l4xx_hal_rcc_ex.o
                              0xe31ae (size before relaxing)
 .debug_str     0x000e93c1      0x5ab ./Drivers/STM32L4xx_HAL_Driver/Src/stm32l4xx_hal_spi.o
                              0xe320a (size before relaxing)
 .debug_str     0x000e996c      0x89f ./Drivers/STM32L4xx_HAL_Driver/Src/stm32l4xx_hal_uart.o
                              0xe3747 (size before relaxing)

.comment        0x00000000       0x43
 .comment       0x00000000       0x43 ./Core/Fonts/font12.o
                                 0x44 (size before relaxing)
 .comment       0x00000043       0x44 ./Core/Src/GUI_Paint.o
 .comment       0x00000043       0x44 ./Core/Src/IL3895.o
 .comment       0x00000043       0x44 ./Core/Src/demo_2_13ich.o
 .comment       0x00000043       0x44 ./Core/Src/gpio.o
 .comment       0x00000043       0x44 ./Core/Src/main.o
 .comment       0x00000043       0x44 ./Core/Src/spi.o
 .comment       0x00000043       0x44 ./Core/Src/stm32l4xx_hal_msp.o
 .comment       0x00000043       0x44 ./Core/Src/stm32l4xx_it.o
 .comment       0x00000043       0x44 ./Core/Src/system_stm32l4xx.o
 .comment       0x00000043       0x44 ./Core/Src/usart.o
 .comment       0x00000043       0x44 ./Drivers/STM32L4xx_HAL_Driver/Src/stm32l4xx_hal.o
 .comment       0x00000043       0x44 ./Drivers/STM32L4xx_HAL_Driver/Src/stm32l4xx_hal_cortex.o
 .comment       0x00000043       0x44 ./Drivers/STM32L4xx_HAL_Driver/Src/stm32l4xx_hal_gpio.o
 .comment       0x00000043       0x44 ./Drivers/STM32L4xx_HAL_Driver/Src/stm32l4xx_hal_pwr_ex.o
 .comment       0x00000043       0x44 ./Drivers/STM32L4xx_HAL_Driver/Src/stm32l4xx_hal_rcc.o
 .comment       0x00000043       0x44 ./Drivers/STM32L4xx_HAL_Driver/Src/stm32l4xx_hal_rcc_ex.o
 .comment       0x00000043       0x44 ./Drivers/STM32L4xx_HAL_Driver/Src/stm32l4xx_hal_spi.o
 .comment       0x00000043       0x44 ./Drivers/STM32L4xx_HAL_Driver/Src/stm32l4xx_hal_uart.o

.debug_rnglists
                0x00000000      0x99c
 .debug_rnglists
                0x00000000       0x9a ./Core/Src/GUI_Paint.o
 .debug_rnglists
                0x0000009a       0x88 ./Core/Src/IL3895.o
 .debug_rnglists
                0x00000122       0x21 ./Core/Src/demo_2_13ich.o
 .debug_rnglists
                0x00000143       0x14 ./Core/Src/gpio.o
 .debug_rnglists
                0x00000157       0x26 ./Core/Src/main.o
 .debug_rnglists
                0x0000017d       0x20 ./Core/Src/spi.o
 .debug_rnglists
                0x0000019d       0x13 ./Core/Src/stm32l4xx_hal_msp.o
 .debug_rnglists
                0x000001b0       0x43 ./Core/Src/stm32l4xx_it.o
 .debug_rnglists
                0x000001f3       0x1a ./Core/Src/system_stm32l4xx.o
 .debug_rnglists
                0x0000020d       0x20 ./Core/Src/usart.o
 .debug_rnglists
                0x0000022d       0x19 ./Core/Startup/startup_stm32l476rgtx.o
 .debug_rnglists
                0x00000246       0xdf ./Drivers/STM32L4xx_HAL_Driver/Src/stm32l4xx_hal.o
 .debug_rnglists
                0x00000325       0xda ./Drivers/STM32L4xx_HAL_Driver/Src/stm32l4xx_hal_cortex.o
 .debug_rnglists
                0x000003ff       0x3f ./Drivers/STM32L4xx_HAL_Driver/Src/stm32l4xx_hal_gpio.o
 .debug_rnglists
                0x0000043e      0x109 ./Drivers/STM32L4xx_HAL_Driver/Src/stm32l4xx_hal_pwr_ex.o
 .debug_rnglists
                0x00000547       0x6d ./Drivers/STM32L4xx_HAL_Driver/Src/stm32l4xx_hal_rcc.o
 .debug_rnglists
                0x000005b4       0x95 ./Drivers/STM32L4xx_HAL_Driver/Src/stm32l4xx_hal_rcc_ex.o
 .debug_rnglists
                0x00000649      0x178 ./Drivers/STM32L4xx_HAL_Driver/Src/stm32l4xx_hal_spi.o
 .debug_rnglists
                0x000007c1      0x1db ./Drivers/STM32L4xx_HAL_Driver/Src/stm32l4xx_hal_uart.o

.debug_frame    0x00000000     0x3210
 .debug_frame   0x00000000      0x358 ./Core/Src/GUI_Paint.o
 .debug_frame   0x00000358      0x28c ./Core/Src/IL3895.o
 .debug_frame   0x000005e4       0x80 ./Core/Src/demo_2_13ich.o
 .debug_frame   0x00000664       0x34 ./Core/Src/gpio.o
 .debug_frame   0x00000698       0x90 ./Core/Src/main.o
 .debug_frame   0x00000728       0x74 ./Core/Src/spi.o
 .debug_frame   0x0000079c       0x38 ./Core/Src/stm32l4xx_hal_msp.o
 .debug_frame   0x000007d4      0x104 ./Core/Src/stm32l4xx_it.o
 .debug_frame   0x000008d8       0x58 ./Core/Src/system_stm32l4xx.o
 .debug_frame   0x00000930       0x78 ./Core/Src/usart.o
 .debug_frame   0x000009a8      0x498 ./Drivers/STM32L4xx_HAL_Driver/Src/stm32l4xx_hal.o
 .debug_frame   0x00000e40      0x4e8 ./Drivers/STM32L4xx_HAL_Driver/Src/stm32l4xx_hal_cortex.o
 .debug_frame   0x00001328      0x14c ./Drivers/STM32L4xx_HAL_Driver/Src/stm32l4xx_hal_gpio.o
 .debug_frame   0x00001474      0x584 ./Drivers/STM32L4xx_HAL_Driver/Src/stm32l4xx_hal_pwr_ex.o
 .debug_frame   0x000019f8      0x21c ./Drivers/STM32L4xx_HAL_Driver/Src/stm32l4xx_hal_rcc.o
 .debug_frame   0x00001c14      0x2fc ./Drivers/STM32L4xx_HAL_Driver/Src/stm32l4xx_hal_rcc_ex.o
 .debug_frame   0x00001f10      0x860 ./Drivers/STM32L4xx_HAL_Driver/Src/stm32l4xx_hal_spi.o
 .debug_frame   0x00002770      0x9f4 ./Drivers/STM32L4xx_HAL_Driver/Src/stm32l4xx_hal_uart.o
 .debug_frame   0x00003164       0x20 C:/ST/STM32CubeIDE_1.16.0/STM32CubeIDE/plugins/com.st.stm32cube.ide.mcu.externaltools.gnu-tools-for-stm32.12.3.rel1.win32_1.0.200.202406191623/tools/bin/../lib/gcc/arm-none-eabi/12.3.1/../../../../arm-none-eabi/lib/thumb/v7e-m+fp/hard\libc_nano.a(libc_a-memset.o)
 .debug_frame   0x00003184       0x2c C:/ST/STM32CubeIDE_1.16.0/STM32CubeIDE/plugins/com.st.stm32cube.ide.mcu.externaltools.gnu-tools-for-stm32.12.3.rel1.win32_1.0.200.202406191623/tools/bin/../lib/gcc/arm-none-eabi/12.3.1/../../../../arm-none-eabi/lib/thumb/v7e-m+fp/hard\libc_nano.a(libc_a-init.o)
 .debug_frame   0x000031b0       0x2c C:/ST/STM32CubeIDE_1.16.0/STM32CubeIDE/plugins/com.st.stm32cube.ide.mcu.externaltools.gnu-tools-for-stm32.12.3.rel1.win32_1.0.200.202406191623/tools/bin/../lib/gcc/arm-none-eabi/12.3.1/thumb/v7e-m+fp/hard\libgcc.a(_aeabi_uldivmod.o)
 .debug_frame   0x000031dc       0x34 C:/ST/STM32CubeIDE_1.16.0/STM32CubeIDE/plugins/com.st.stm32cube.ide.mcu.externaltools.gnu-tools-for-stm32.12.3.rel1.win32_1.0.200.202406191623/tools/bin/../lib/gcc/arm-none-eabi/12.3.1/thumb/v7e-m+fp/hard\libgcc.a(_udivmoddi4.o)

.debug_line_str
                0x00000000       0x66
 .debug_line_str
                0x00000000       0x66 ./Core/Startup/startup_stm32l476rgtx.o
