../Core/Src/epd.c:6:13:RESET_HIGH	8	static
../Core/Src/epd.c:10:13:RESET_LOW	8	static
../Core/Src/epd.c:14:13:CS_HIG	8	static
../Core/Src/epd.c:18:13:CS_LOW	8	static
../Core/Src/epd.c:22:13:DC_HIG	8	static
../Core/Src/epd.c:26:13:DC_LOW	8	static
../Core/Src/epd.c:30:16:BUSY_READ	8	static
../Core/Src/epd.c:34:13:Delay_ms	16	static
../Core/Src/epd.c:38:13:SPI_WriteByte	16	static
../Core/Src/epd.c:42:13:EPD_Reset	8	static
../Core/Src/epd.c:51:13:EPD_SendCommand	16	static
../Core/Src/epd.c:58:13:EPD_SendData	16	static
../Core/Src/epd.c:65:13:EPD_ReadBusy	8	static
../Core/Src/epd.c:74:13:EPD_SetWindows	24	static
../Core/Src/epd.c:86:13:EPD_SetCursor	16	static
../Core/Src/epd.c:95:13:EPD_TurnOnDisplay	8	static
../Core/Src/epd.c:104:6:EPD_Init	16	static
../Core/Src/epd.c:133:6:EPD_Clear	24	static
../Core/Src/epd.c:146:6:EPD_Display	24	static
../Core/Src/epd.c:161:6:EPD_Sleep	8	static
