../Core/Src/epd.c:7:13:RESET_HIGH	8	static
../Core/Src/epd.c:11:13:RESET_LOW	8	static
../Core/Src/epd.c:15:13:CS_HIGH	8	static
../Core/Src/epd.c:19:13:CS_LOW	8	static
../Core/Src/epd.c:23:13:DC_HIGH	8	static
../Core/Src/epd.c:27:13:DC_LOW	8	static
../Core/Src/epd.c:31:16:BUSY_READ	8	static
../Core/Src/epd.c:35:13:Delay_ms	16	static
../Core/Src/epd.c:39:13:SPI_WriteByte	16	static
../Core/Src/epd.c:43:13:EPD_Reset	8	static
../Core/Src/epd.c:52:13:EPD_SendCommand	16	static
../Core/Src/epd.c:59:13:EPD_SendData	16	static
../Core/Src/epd.c:66:13:EPD_ReadBusy	8	static
../Core/Src/epd.c:75:13:EPD_SetWindows	24	static
../Core/Src/epd.c:88:13:EPD_SetCursor	16	static
../Core/Src/epd.c:98:13:EPD_TurnOnDisplay	8	static
../Core/Src/epd.c:108:6:EPD_Init	16	static
../Core/Src/epd.c:144:6:EPD_Clear	24	static
../Core/Src/epd.c:158:6:EPD_Display	24	static
../Core/Src/epd.c:174:6:EPD_Sleep	8	static
