../Core/Src/IL3895.c:13:13:RESET_HIG	8	static
../Core/Src/IL3895.c:17:13:RESET_LOW	8	static
../Core/Src/IL3895.c:21:13:CS_HIG	8	static
../Core/Src/IL3895.c:25:13:CS_LOW	8	static
../Core/Src/IL3895.c:29:13:DC_HIG	8	static
../Core/Src/IL3895.c:33:13:DC_LOW	8	static
../Core/Src/IL3895.c:37:16:BUSY_READ	8	static
../Core/Src/IL3895.c:41:13:Delay_ms	16	static
../Core/Src/IL3895.c:46:13:SPI_WriteByte	16	static
../Core/Src/IL3895.c:52:13:EPD_Reset	8	static
../Core/Src/IL3895.c:61:13:EPD_SendCommand	16	static
../Core/Src/IL3895.c:68:13:EPD_SendData	16	static
../Core/Src/IL3895.c:75:13:EPD_ReadBusy	8	static
../Core/Src/IL3895.c:86:13:EPD_SetWindows	24	static
../Core/Src/IL3895.c:98:13:EPD_SetCursor	16	static
../Core/Src/IL3895.c:107:13:EPD_TurnOnDisplay	8	static
../Core/Src/IL3895.c:116:6:EPD_Init	16	static
../Core/Src/IL3895.c:182:6:EPD_Clear	24	static
../Core/Src/IL3895.c:200:6:EPD_Display	32	static
../Core/Src/IL3895.c:222:6:EPD_Sleep	8	static
